// Jest Snapshot v1, https://goo.gl/fbAQLP

exports[`VodQAReactNative iOS matches snapshot 1`] = `
<View
  style={
    {
      "flex": 1,
    }
  }
>
  <View
    initialRoute={
      {
        "title": "Login",
      }
    }
    initialRouteStack={
      [
        {
          "title": "Login",
        },
        {
          "title": "Samples List",
        },
        {
          "title": "Carousel - Swipe left/right",
        },
        {
          "title": "Photos - Ping & Zoom",
        },
        {
          "title": "Webview",
        },
        {
          "title": "Slider",
        },
        {
          "title": "Vertical swiping",
        },
      ]
    }
    navigationBar={
      <NavigationBar
        routeMapper={
          {
            "LeftButton": [Function],
            "RightButton": [Function],
            "Title": [Function],
          }
        }
        style={
          {
            "backgroundColor": "#26aa5c",
          }
        }
      />
    }
    renderScene={[Function]}
  />
</View>
`;
